
> workspace@0.0.0 build /workspaces/maryum
> pnpm run typecheck && pnpm -r --if-present run build


> workspace@0.0.0 typecheck /workspaces/maryum
> pnpm run typecheck:libs && pnpm -r --filter "./artifacts/**" --filter "./scripts" --if-present run typecheck


> workspace@0.0.0 typecheck:libs /workspaces/maryum
> tsc --build

lib/db/src/index.ts(1,25): error TS2307: Cannot find module 'drizzle-orm/node-postgres' or its corresponding type declarations.
lib/db/src/index.ts(2,16): error TS2307: Cannot find module 'pg' or its corresponding type declarations.
lib/db/src/schema/ab_experiments.ts(1,87): error TS2307: Cannot find module 'drizzle-orm/pg-core' or its corresponding type declarations.
lib/db/src/schema/ab_experiments.ts(12,5): error TS7006: Parameter 't' implicitly has an 'any' type.
lib/db/src/schema/ab_experiments.ts(23,5): error TS7006: Parameter 't' implicitly has an 'any' type.
lib/db/src/schema/account_conditions.ts(1,82): error TS2307: Cannot find module 'drizzle-orm/pg-core' or its corresponding type declarations.
lib/db/src/schema/account_conditions.ts(2,36): error TS2307: Cannot find module 'drizzle-zod' or its corresponding type declarations.
lib/db/src/schema/account_conditions.ts(43,5): error TS7006: Parameter 't' implicitly has an 'any' type.
lib/db/src/schema/account_conditions.ts(71,5): error TS7006: Parameter 't' implicitly has an 'any' type.
lib/db/src/schema/admin_accounts.ts(1,51): error TS2307: Cannot find module 'drizzle-orm/pg-core' or its corresponding type declarations.
lib/db/src/schema/admin_accounts.ts(2,36): error TS2307: Cannot find module 'drizzle-zod' or its corresponding type declarations.
lib/db/src/schema/admin_role_presets.ts(1,51): error TS2307: Cannot find module 'drizzle-orm/pg-core' or its corresponding type declarations.
lib/db/src/schema/auth_audit_log.ts(1,42): error TS2307: Cannot find module 'drizzle-orm/pg-core' or its corresponding type declarations.
lib/db/src/schema/auto_resolve_log.ts(1,42): error TS2307: Cannot find module 'drizzle-orm/pg-core' or its corresponding type declarations.
lib/db/src/schema/banners.ts(1,67): error TS2307: Cannot find module 'drizzle-orm/pg-core' or its corresponding type declarations.
lib/db/src/schema/banners.ts(2,36): error TS2307: Cannot find module 'drizzle-zod' or its corresponding type declarations.
lib/db/src/schema/banners.ts(23,5): error TS7006: Parameter 't' implicitly has an 'any' type.
lib/db/src/schema/campaigns.ts(1,83): error TS2307: Cannot find module 'drizzle-orm/pg-core' or its corresponding type declarations.
lib/db/src/schema/campaigns.ts(2,36): error TS2307: Cannot find module 'drizzle-zod' or its corresponding type declarations.
lib/db/src/schema/campaigns.ts(23,5): error TS7006: Parameter 't' implicitly has an 'any' type.
lib/db/src/schema/categories.ts(1,67): error TS2307: Cannot find module 'drizzle-orm/pg-core' or its corresponding type declarations.
lib/db/src/schema/categories.ts(2,36): error TS2307: Cannot find module 'drizzle-zod' or its corresponding type declarations.
lib/db/src/schema/categories.ts(15,5): error TS7006: Parameter 't' implicitly has an 'any' type.
lib/db/src/schema/chat_reports.ts(1,49): error TS2307: Cannot find module 'drizzle-orm/pg-core' or its corresponding type declarations.
lib/db/src/schema/chat_reports.ts(15,5): error TS7006: Parameter 't' implicitly has an 'any' type.
lib/db/src/schema/communication.ts(1,74): error TS2307: Cannot find module 'drizzle-orm/pg-core' or its corresponding type declarations.
lib/db/src/schema/communication.ts(12,5): error TS7006: Parameter 't' implicitly has an 'any' type.
lib/db/src/schema/communication.ts(29,5): error TS7006: Parameter 't' implicitly has an 'any' type.
lib/db/src/schema/communication.ts(59,5): error TS7006: Parameter 't' implicitly has an 'any' type.
lib/db/src/schema/communication.ts(76,5): error TS7006: Parameter 't' implicitly has an 'any' type.
lib/db/src/schema/communication.ts(106,5): error TS7006: Parameter 't' implicitly has an 'any' type.
lib/db/src/schema/communication.ts(119,5): error TS7006: Parameter 't' implicitly has an 'any' type.
lib/db/src/schema/consent_log.ts(1,42): error TS2307: Cannot find module 'drizzle-orm/pg-core' or its corresponding type declarations.
lib/db/src/schema/customer_error_reports.ts(1,50): error TS2307: Cannot find module 'drizzle-orm/pg-core' or its corresponding type declarations.
lib/db/src/schema/deep_links.ts(1,65): error TS2307: Cannot find module 'drizzle-orm/pg-core' or its corresponding type declarations.
lib/db/src/schema/deep_links.ts(11,5): error TS7006: Parameter 't' implicitly has an 'any' type.
lib/db/src/schema/delivery_whitelist.ts(1,49): error TS2307: Cannot find module 'drizzle-orm/pg-core' or its corresponding type declarations.
lib/db/src/schema/delivery_whitelist.ts(16,5): error TS7006: Parameter 't' implicitly has an 'any' type.
lib/db/src/schema/delivery_whitelist.ts(32,5): error TS7006: Parameter 't' implicitly has an 'any' type.
lib/db/src/schema/demo_backups.ts(1,51): error TS2307: Cannot find module 'drizzle-orm/pg-core' or its corresponding type declarations.
lib/db/src/schema/error_reports.ts(1,57): error TS2307: Cannot find module 'drizzle-orm/pg-core' or its corresponding type declarations.
lib/db/src/schema/error_resolution_backups.ts(1,49): error TS2307: Cannot find module 'drizzle-orm/pg-core' or its corresponding type declarations.
lib/db/src/schema/faqs.ts(1,60): error TS2307: Cannot find module 'drizzle-orm/pg-core' or its corresponding type declarations.
lib/db/src/schema/flash_deals.ts(1,76): error TS2307: Cannot find module 'drizzle-orm/pg-core' or its corresponding type declarations.
lib/db/src/schema/flash_deals.ts(2,36): error TS2307: Cannot find module 'drizzle-zod' or its corresponding type declarations.
lib/db/src/schema/flash_deals.ts(18,5): error TS7006: Parameter 't' implicitly has an 'any' type.
lib/db/src/schema/idempotency_keys.ts(1,50): error TS2307: Cannot find module 'drizzle-orm/pg-core' or its corresponding type declarations.
lib/db/src/schema/idempotency_keys.ts(10,5): error TS7006: Parameter 't' implicitly has an 'any' type.
lib/db/src/schema/kyc_verifications.ts(1,42): error TS2307: Cannot find module 'drizzle-orm/pg-core' or its corresponding type declarations.
lib/db/src/schema/live_locations.ts(1,64): error TS2307: Cannot find module 'drizzle-orm/pg-core' or its corresponding type declarations.
lib/db/src/schema/live_locations.ts(2,36): error TS2307: Cannot find module 'drizzle-zod' or its corresponding type declarations.
lib/db/src/schema/live_locations.ts(16,5): error TS7006: Parameter 't' implicitly has an 'any' type.
lib/db/src/schema/location_history.ts(1,73): error TS2307: Cannot find module 'drizzle-orm/pg-core' or its corresponding type declarations.
lib/db/src/schema/location_history.ts(2,36): error TS2307: Cannot find module 'drizzle-zod' or its corresponding type declarations.
lib/db/src/schema/location_history.ts(17,5): error TS7006: Parameter 't' implicitly has an 'any' type.
lib/db/src/schema/location_logs.ts(1,73): error TS2307: Cannot find module 'drizzle-orm/pg-core' or its corresponding type declarations.
lib/db/src/schema/location_logs.ts(2,36): error TS2307: Cannot find module 'drizzle-zod' or its corresponding type declarations.
lib/db/src/schema/location_logs.ts(18,5): error TS7006: Parameter 't' implicitly has an 'any' type.
lib/db/src/schema/login_history.ts(1,58): error TS2307: Cannot find module 'drizzle-orm/pg-core' or its corresponding type declarations.
lib/db/src/schema/login_history.ts(15,5): error TS7006: Parameter 't' implicitly has an 'any' type.
lib/db/src/schema/magic_link_tokens.ts(1,42): error TS2307: Cannot find module 'drizzle-orm/pg-core' or its corresponding type declarations.
lib/db/src/schema/map_api_usage_log.ts(1,73): error TS2307: Cannot find module 'drizzle-orm/pg-core' or its corresponding type declarations.
lib/db/src/schema/map_api_usage_log.ts(11,5): error TS7006: Parameter 't' implicitly has an 'any' type.
lib/db/src/schema/notifications.ts(1,58): error TS2307: Cannot find module 'drizzle-orm/pg-core' or its corresponding type declarations.
lib/db/src/schema/notifications.ts(2,36): error TS2307: Cannot find module 'drizzle-zod' or its corresponding type declarations.
lib/db/src/schema/notifications.ts(28,5): error TS7006: Parameter 't' implicitly has an 'any' type.
lib/db/src/schema/offer_templates.ts(1,76): error TS2307: Cannot find module 'drizzle-orm/pg-core' or its corresponding type declarations.
lib/db/src/schema/offer_templates.ts(2,36): error TS2307: Cannot find module 'drizzle-zod' or its corresponding type declarations.
lib/db/src/schema/offers.ts(1,83): error TS2307: Cannot find module 'drizzle-orm/pg-core' or its corresponding type declarations.
lib/db/src/schema/offers.ts(2,36): error TS2307: Cannot find module 'drizzle-zod' or its corresponding type declarations.
lib/db/src/schema/offers.ts(37,5): error TS7006: Parameter 't' implicitly has an 'any' type.
lib/db/src/schema/offers.ts(55,5): error TS7006: Parameter 't' implicitly has an 'any' type.
lib/db/src/schema/offers.ts(69,5): error TS7006: Parameter 't' implicitly has an 'any' type.
lib/db/src/schema/orders.ts(1,97): error TS2307: Cannot find module 'drizzle-orm/pg-core' or its corresponding type declarations.
lib/db/src/schema/orders.ts(2,21): error TS2307: Cannot find module 'drizzle-orm' or its corresponding type declarations.
lib/db/src/schema/orders.ts(3,36): error TS2307: Cannot find module 'drizzle-zod' or its corresponding type declarations.
lib/db/src/schema/orders.ts(37,5): error TS7006: Parameter 't' implicitly has an 'any' type.
lib/db/src/schema/parcel_bookings.ts(1,58): error TS2307: Cannot find module 'drizzle-orm/pg-core' or its corresponding type declarations.
lib/db/src/schema/parcel_bookings.ts(2,36): error TS2307: Cannot find module 'drizzle-zod' or its corresponding type declarations.
lib/db/src/schema/parcel_bookings.ts(25,5): error TS7006: Parameter 't' implicitly has an 'any' type.
lib/db/src/schema/pending_otps.ts(1,51): error TS2307: Cannot find module 'drizzle-orm/pg-core' or its corresponding type declarations.
lib/db/src/schema/pharmacy_orders.ts(1,64): error TS2307: Cannot find module 'drizzle-orm/pg-core' or its corresponding type declarations.
lib/db/src/schema/pharmacy_orders.ts(2,36): error TS2307: Cannot find module 'drizzle-zod' or its corresponding type declarations.
lib/db/src/schema/pharmacy_orders.ts(20,5): error TS7006: Parameter 't' implicitly has an 'any' type.
lib/db/src/schema/platform_settings.ts(1,42): error TS2307: Cannot find module 'drizzle-orm/pg-core' or its corresponding type declarations.
lib/db/src/schema/platform_settings.ts(2,36): error TS2307: Cannot find module 'drizzle-zod' or its corresponding type declarations.
lib/db/src/schema/popular_locations.ts(1,69): error TS2307: Cannot find module 'drizzle-orm/pg-core' or its corresponding type declarations.
lib/db/src/schema/popup_campaigns.ts(1,74): error TS2307: Cannot find module 'drizzle-orm/pg-core' or its corresponding type declarations.
lib/db/src/schema/popup_campaigns.ts(2,36): error TS2307: Cannot find module 'drizzle-zod' or its corresponding type declarations.
lib/db/src/schema/popup_campaigns.ts(41,5): error TS7006: Parameter 't' implicitly has an 'any' type.
lib/db/src/schema/popup_impressions.ts(1,49): error TS2307: Cannot find module 'drizzle-orm/pg-core' or its corresponding type declarations.
lib/db/src/schema/popup_impressions.ts(10,5): error TS7006: Parameter 't' implicitly has an 'any' type.
lib/db/src/schema/popup_templates.ts(1,51): error TS2307: Cannot find module 'drizzle-orm/pg-core' or its corresponding type declarations.
lib/db/src/schema/popup_templates.ts(2,36): error TS2307: Cannot find module 'drizzle-zod' or its corresponding type declarations.
lib/db/src/schema/product_variants.ts(1,76): error TS2307: Cannot find module 'drizzle-orm/pg-core' or its corresponding type declarations.
lib/db/src/schema/product_variants.ts(2,36): error TS2307: Cannot find module 'drizzle-zod' or its corresponding type declarations.
lib/db/src/schema/product_variants.ts(20,5): error TS7006: Parameter 't' implicitly has an 'any' type.
lib/db/src/schema/products.ts(1,83): error TS2307: Cannot find module 'drizzle-orm/pg-core' or its corresponding type declarations.
lib/db/src/schema/products.ts(2,21): error TS2307: Cannot find module 'drizzle-orm' or its corresponding type declarations.
lib/db/src/schema/products.ts(3,36): error TS2307: Cannot find module 'drizzle-zod' or its corresponding type declarations.
lib/db/src/schema/products.ts(30,5): error TS7006: Parameter 't' implicitly has an 'any' type.
lib/db/src/schema/promo_codes.ts(1,76): error TS2307: Cannot find module 'drizzle-orm/pg-core' or its corresponding type declarations.
lib/db/src/schema/promo_codes.ts(2,36): error TS2307: Cannot find module 'drizzle-zod' or its corresponding type declarations.
lib/db/src/schema/promo_codes.ts(21,5): error TS7006: Parameter 't' implicitly has an 'any' type.
lib/db/src/schema/push_subscriptions.ts(1,49): error TS2307: Cannot find module 'drizzle-orm/pg-core' or its corresponding type declarations.
lib/db/src/schema/push_subscriptions.ts(12,5): error TS7006: Parameter 't' implicitly has an 'any' type.
lib/db/src/schema/qr_codes.ts(1,58): error TS2307: Cannot find module 'drizzle-orm/pg-core' or its corresponding type declarations.
lib/db/src/schema/qr_codes.ts(13,5): error TS7006: Parameter 't' implicitly has an 'any' type.
lib/db/src/schema/rate_limits.ts(1,51): error TS2307: Cannot find module 'drizzle-orm/pg-core' or its corresponding type declarations.
lib/db/src/schema/refresh_tokens.ts(1,42): error TS2307: Cannot find module 'drizzle-orm/pg-core' or its corresponding type declarations.
lib/db/src/schema/release_notes.ts(1,51): error TS2307: Cannot find module 'drizzle-orm/pg-core' or its corresponding type declarations.
lib/db/src/schema/reviews.ts(1,80): error TS2307: Cannot find module 'drizzle-orm/pg-core' or its corresponding type declarations.
lib/db/src/schema/reviews.ts(2,21): error TS2307: Cannot find module 'drizzle-orm' or its corresponding type declarations.
lib/db/src/schema/reviews.ts(3,23): error TS2307: Cannot find module 'drizzle-orm/pg-core' or its corresponding type declarations.
lib/db/src/schema/reviews.ts(4,36): error TS2307: Cannot find module 'drizzle-zod' or its corresponding type declarations.
lib/db/src/schema/reviews.ts(30,5): error TS7006: Parameter 't' implicitly has an 'any' type.
lib/db/src/schema/ride_bids.ts(1,71): error TS2307: Cannot find module 'drizzle-orm/pg-core' or its corresponding type declarations.
lib/db/src/schema/ride_bids.ts(2,36): error TS2307: Cannot find module 'drizzle-zod' or its corresponding type declarations.
lib/db/src/schema/ride_bids.ts(19,5): error TS7006: Parameter 't' implicitly has an 'any' type.
lib/db/src/schema/ride_event_logs.ts(1,58): error TS2307: Cannot find module 'drizzle-orm/pg-core' or its corresponding type declarations.
lib/db/src/schema/ride_event_logs.ts(15,5): error TS7006: Parameter 't' implicitly has an 'any' type.
lib/db/src/schema/ride_notified_riders.ts(1,62): error TS2307: Cannot find module 'drizzle-orm/pg-core' or its corresponding type declarations.
lib/db/src/schema/ride_notified_riders.ts(10,5): error TS7006: Parameter 't' implicitly has an 'any' type.
lib/db/src/schema/ride_ratings.ts(1,80): error TS2307: Cannot find module 'drizzle-orm/pg-core' or its corresponding type declarations.
lib/db/src/schema/ride_ratings.ts(2,36): error TS2307: Cannot find module 'drizzle-zod' or its corresponding type declarations.
lib/db/src/schema/ride_ratings.ts(18,5): error TS7006: Parameter 't' implicitly has an 'any' type.
lib/db/src/schema/ride_service_types.ts(1,69): error TS2307: Cannot find module 'drizzle-orm/pg-core' or its corresponding type declarations.
lib/db/src/schema/ride_service_types.ts(2,36): error TS2307: Cannot find module 'drizzle-zod' or its corresponding type declarations.
lib/db/src/schema/rider_penalties.ts(1,58): error TS2307: Cannot find module 'drizzle-orm/pg-core' or its corresponding type declarations.
lib/db/src/schema/rider_penalties.ts(2,36): error TS2307: Cannot find module 'drizzle-zod' or its corresponding type declarations.
lib/db/src/schema/rider_penalties.ts(13,5): error TS7006: Parameter 't' implicitly has an 'any' type.
lib/db/src/schema/rider_profiles.ts(1,42): error TS2307: Cannot find module 'drizzle-orm/pg-core' or its corresponding type declarations.
lib/db/src/schema/rider_profiles.ts(2,36): error TS2307: Cannot find module 'drizzle-zod' or its corresponding type declarations.
lib/db/src/schema/rides.ts(1,96): error TS2307: Cannot find module 'drizzle-orm/pg-core' or its corresponding type declarations.
lib/db/src/schema/rides.ts(2,21): error TS2307: Cannot find module 'drizzle-orm' or its corresponding type declarations.
lib/db/src/schema/rides.ts(3,36): error TS2307: Cannot find module 'drizzle-zod' or its corresponding type declarations.
lib/db/src/schema/rides.ts(54,5): error TS7006: Parameter 't' implicitly has an 'any' type.
lib/db/src/schema/saved_addresses.ts(1,58): error TS2307: Cannot find module 'drizzle-orm/pg-core' or its corresponding type declarations.
lib/db/src/schema/saved_addresses.ts(2,36): error TS2307: Cannot find module 'drizzle-zod' or its corresponding type declarations.
lib/db/src/schema/saved_addresses.ts(15,5): error TS7006: Parameter 't' implicitly has an 'any' type.
lib/db/src/schema/school_routes.ts(1,89): error TS2307: Cannot find module 'drizzle-orm/pg-core' or its corresponding type declarations.
lib/db/src/schema/school_routes.ts(2,21): error TS2307: Cannot find module 'drizzle-orm' or its corresponding type declarations.
lib/db/src/schema/school_routes.ts(44,5): error TS7006: Parameter 't' implicitly has an 'any' type.
lib/db/src/schema/service_zones.ts(1,75): error TS2307: Cannot find module 'drizzle-orm/pg-core' or its corresponding type declarations.
lib/db/src/schema/service_zones.ts(2,36): error TS2307: Cannot find module 'drizzle-zod' or its corresponding type declarations.
lib/db/src/schema/service_zones.ts(19,5): error TS7006: Parameter 't' implicitly has an 'any' type.
lib/db/src/schema/sms_gateways.ts(1,60): error TS2307: Cannot find module 'drizzle-orm/pg-core' or its corresponding type declarations.
lib/db/src/schema/sms_gateways.ts(2,36): error TS2307: Cannot find module 'drizzle-zod' or its corresponding type declarations.
lib/db/src/schema/stock_subscriptions.ts(1,57): error TS2307: Cannot find module 'drizzle-orm/pg-core' or its corresponding type declarations.
lib/db/src/schema/stock_subscriptions.ts(10,5): error TS7006: Parameter 't' implicitly has an 'any' type.
lib/db/src/schema/support_messages.ts(1,51): error TS2307: Cannot find module 'drizzle-orm/pg-core' or its corresponding type declarations.
lib/db/src/schema/system_snapshots.ts(1,42): error TS2307: Cannot find module 'drizzle-orm/pg-core' or its corresponding type declarations.
lib/db/src/schema/user_interactions.ts(1,58): error TS2307: Cannot find module 'drizzle-orm/pg-core' or its corresponding type declarations.
lib/db/src/schema/user_interactions.ts(2,36): error TS2307: Cannot find module 'drizzle-zod' or its corresponding type declarations.
lib/db/src/schema/user_interactions.ts(14,5): error TS7006: Parameter 't' implicitly has an 'any' type.
lib/db/src/schema/user_sessions.ts(1,49): error TS2307: Cannot find module 'drizzle-orm/pg-core' or its corresponding type declarations.
lib/db/src/schema/user_sessions.ts(17,5): error TS7006: Parameter 't' implicitly has an 'any' type.
lib/db/src/schema/user_settings.ts(1,59): error TS2307: Cannot find module 'drizzle-orm/pg-core' or its corresponding type declarations.
lib/db/src/schema/user_settings.ts(2,36): error TS2307: Cannot find module 'drizzle-zod' or its corresponding type declarations.
lib/db/src/schema/users.ts(1,83): error TS2307: Cannot find module 'drizzle-orm/pg-core' or its corresponding type declarations.
lib/db/src/schema/users.ts(2,21): error TS2307: Cannot find module 'drizzle-orm' or its corresponding type declarations.
lib/db/src/schema/users.ts(3,36): error TS2307: Cannot find module 'drizzle-zod' or its corresponding type declarations.
lib/db/src/schema/users.ts(112,5): error TS7006: Parameter 't' implicitly has an 'any' type.
lib/db/src/schema/van_service.ts(1,83): error TS2307: Cannot find module 'drizzle-orm/pg-core' or its corresponding type declarations.
lib/db/src/schema/van_service.ts(32,5): error TS7006: Parameter 't' implicitly has an 'any' type.
lib/db/src/schema/van_service.ts(46,5): error TS7006: Parameter 't' implicitly has an 'any' type.
lib/db/src/schema/van_service.ts(59,5): error TS7006: Parameter 't' implicitly has an 'any' type.
lib/db/src/schema/van_service.ts(77,5): error TS7006: Parameter 't' implicitly has an 'any' type.
